Sending patch request to users...
node : Failure 
Response: 500 {
At line:1 char:1
+ node test-upload.js 
> test-output.txt 2>&1
+ ~~~~~~~~~~~~~~~~~~~~
~~~~~~~~~~~~~~~~~~~~~~
    + CategoryInfo    
          : NotSpeci  
  fied: (Failure Re   
 sponse: 500 {:Str    
ing) [], RemoteEx    
ception
    + FullyQualifiedE 
   rrorId : NativeCo  
  mmandError
 
  success: false,
  status: 'error',
  message: '\n' +
    'Invalid `prisma.p
rofile.update()` 
invocation:\n' +
    '\n' +
    '\n' +
    'Unique 
constraint failed on 
the fields: (`email`)'
}
