
> backend@1.0.0 test
> vitest run test/services/auth.test.js --reporter=verbose


[1m[46m RUN [49m[22m [36mv4.1.0 [39m[90mC:/Users/admin/Downloads/code_web/medi_assist/backend[39m

 [32mΓ£ô[39m test/services/auth.test.js[2m > [22mauthService[2m > [22mregister[2m > [22mshould throw error if phone already exists[32m 7[2mms[22m[39m
 [32mΓ£ô[39m test/services/auth.test.js[2m > [22mauthService[2m > [22mregister[2m > [22mshould throw error if supabase signup fails[32m 1[2mms[22m[39m
 [31m├ù[39m test/services/auth.test.js[2m > [22mauthService[2m > [22mregister[2m > [22mshould create user successfully[32m 16[2mms[22m[39m
[31m   ΓåÆ expected "vi.fn()" to be called with arguments: [ { id: 'user-123', ΓÇª(3) } ][90m

Received:

[1m  1st vi.fn() call:

[22m[33m@@ -1,7 +1,8 @@[90m
[2m  [[22m
[2m    {[22m
[31m+     "email": "test@a.com",[90m
[2m      "fullName": "Test Name",[22m
[2m      "id": "user-123",[22m
[2m      "phone": "123",[22m
[2m      "role": "patient",[22m
[2m    },[22m
[31m[90m

Number of calls: [1m1[22m
[31m[39m
 [32mΓ£ô[39m test/services/auth.test.js[2m > [22mauthService[2m > [22mlogin[2m > [22mshould throw error if supabase login fails[32m 1[2mms[22m[39m
 [32mΓ£ô[39m test/services/auth.test.js[2m > [22mauthService[2m > [22mlogin[2m > [22mshould throw error if account not in system DB[32m 1[2mms[22m[39m
 [32mΓ£ô[39m test/services/auth.test.js[2m > [22mauthService[2m > [22mlogin[2m > [22mshould successfully login and return tokens[32m 1[2mms[22m[39m
 [32mΓ£ô[39m test/services/auth.test.js[2m > [22mauthService[2m > [22mlogout[2m > [22mshould throw error if supabase signout fails[32m 1[2mms[22m[39m
 [32mΓ£ô[39m test/services/auth.test.js[2m > [22mauthService[2m > [22mlogout[2m > [22mshould logout successfully[32m 0[2mms[22m[39m
 [32mΓ£ô[39m test/services/auth.test.js[2m > [22mauthService[2m > [22mforgotPassword[2m > [22mshould throw error if email not found[32m 1[2mms[22m[39m
 [32mΓ£ô[39m test/services/auth.test.js[2m > [22mauthService[2m > [22mforgotPassword[2m > [22mshould generate OTP and call sendOtpEmail[32m 2[2mms[22m[39m
 [32mΓ£ô[39m test/services/auth.test.js[2m > [22mauthService[2m > [22mresetPassword[2m > [22mshould throw error for invalid OTP[32m 1[2mms[22m[39m
 [32mΓ£ô[39m test/services/auth.test.js[2m > [22mauthService[2m > [22mresetPassword[2m > [22mshould successfully update password with valid OTP[32m 1[2mms[22m[39m
 [32mΓ£ô[39m test/services/auth.test.js[2m > [22mauthService[2m > [22mresetPassword[2m > [22mshould throw error if OTP is consumed once[32m 1[2mms[22m[39m
npm : 
At line:1 char:1
+ npm test test/servic
es/auth.test.js -- 
--reporter=verbose > 
test_outp ...
+ ~~~~~~~~~~~~~~~~~~~~
~~~~~~~~~~~~~~~~~~~~~~
~~~~~~~~~~~~~~~~~~~~~~
~~~~~
    + CategoryInfo    
          : NotSpeci  
  fied: (:String) [   
 ], RemoteExceptio    
n
    + FullyQualifiedE 
   rrorId : NativeCo  
  mmandError
 
[31mΓÄ»ΓÄ»ΓÄ»ΓÄ»ΓÄ»ΓÄ
»ΓÄ»[39m[1m[41m 
Failed Tests 1 [49m[
22m[31mΓÄ»ΓÄ»ΓÄ»ΓÄ»ΓÄ
»ΓÄ»ΓÄ»[39m

[41m[1m FAIL 
[22m[49m test/servic
es/auth.test.js[2m > 
[22mauthService[2m 
> [22mregister[2m > 
[22mshould create 
user successfully
[31m[1mAssertionErro
r[22m: expected 
"vi.fn()" to be 
called with 
arguments: [ { id: 
'user-123', ΓÇª(3) } 
][90m

Received:

[1m  1st vi.fn() 
call:

[22m[33m@@ -1,7 
+1,8 @@[90m
[2m  [[22m
[2m    {[22m
[31m+     "email": 
"test@a.com",[90m
[2m      "fullName": 
"Test Name",[22m
[2m      "id": 
"user-123",[22m
[2m      "phone": 
"123",[22m
[2m      "role": 
"patient",[22m
[2m    },[22m
[31m[90m

Number of calls: 
[1m1[22m
[31m[39m
[36m [2mΓ¥»[22m tes
t/services/auth.test.j
s:[2m70:22[22m[39m
    [90m 68|[39m    
     id[33m:[39m [3
2m'user-123'[39m[33m
,[39m
    [90m 69|[39m    
     
fullName[33m:[39m 
[32m'Test 
Name'[39m[33m,[39m
    [90m 70|[39m    
     phone[33m:[39m 
[32m'123'[39m[33m,
[39m
    [90m   |[39m    
                  
[31m^[39m
    [90m 71|[39m    
     role[33m:[39m 
[32m'patient'[39m
    [90m 72|[39m    
   })

[31m[2mΓÄ»ΓÄ»ΓÄ»ΓÄ»Γ
Ä»ΓÄ»ΓÄ»ΓÄ»ΓÄ»ΓÄ»ΓÄ»ΓÄ
»ΓÄ»ΓÄ»ΓÄ»ΓÄ»ΓÄ»ΓÄ»ΓÄ»
ΓÄ»ΓÄ»ΓÄ»ΓÄ»ΓÄ»[1/1]ΓÄ
»[22m[39m


[2m Test Files [22m [1m[31m1 failed[39m[22m[90m (1)[39m
[2m      Tests [22m [1m[31m1 failed[39m[22m[2m | [22m[1m[32m12 passed[39m[22m[90m (13)[39m
[2m   Start at [22m 02:36:00
[2m   Duration [22m 546ms[2m (transform 99ms, setup 0ms, import 145ms, tests 38ms, environment 0ms)[22m

